Archive member included to satisfy reference by file (symbol)

include_lib/liba/br25/cpu.a(crc16.o)
                              obj/Release/cpu/br25/setup.o (symbol from plugin) (__crc16_mutex_init)
include_lib/liba/br25/cpu.a(uart.o)
                              obj/Release/apps/common/device/fm/fm_manage.o (symbol from plugin) (delay)
include_lib/liba/br25/cpu.a(usb.o)
                              obj/Release/apps/common/usb/host/usb_host.o (symbol from plugin) (usb_sie_enable)
include_lib/liba/br25/cpu.a(clock.o)
                              obj/Release/cpu/br25/setup.o (symbol from plugin) (clock_dump)
include_lib/liba/br25/cpu.a(gpio.o)
                              obj/Release/apps/soundbox/board/br25/board_ac6966b/board_ac6966b.o (symbol from plugin) (usb_iomode)
include_lib/liba/br25/cpu.a(timer.o)
                              obj/Release/apps/soundbox/board/br25/user_fun/user_pa.o (symbol from plugin) (delay_2ms)
include_lib/liba/br25/cpu.a(sd.o)
                              obj/Release/apps/soundbox/board/br25/board_ac6966b/board_ac6966b.o (symbol from plugin) (sdmmc_0_port_init)
include_lib/liba/br25/cpu.a(debug.o)
                              obj/Release/cpu/br25/setup.o (symbol from plugin) (debug_init)
include_lib/liba/br25/cpu.a(wdt.o)
                              obj/Release/apps/soundbox/common/init.o (symbol from plugin) (wdt_close)
include_lib/liba/br25/cpu.a(efuse.o)
                              obj/Release/cpu/br25/charge.o (symbol from plugin) (get_vbat_trim)
include_lib/liba/br25/cpu.a(vm.o)
                              obj/Release/cpu/br25/ui_driver/led7/led7_driver.o (symbol from plugin) (get_vm_statu)
include_lib/liba/br25/cpu.a(vm_api.o)
                              obj/Release/apps/common/music/breakpoint.o (symbol from plugin) (vm_api_write_mult)
include_lib/liba/br25/cpu.a(p33.o)
                              obj/Release/apps/soundbox/board/br25/board_ac6966b/board_ac6966b.o (symbol from plugin) (sdpg_config)
include_lib/liba/br25/cpu.a(power_hw.o)
                              timer.o (symbol from plugin) (low_power_sys_get)
include_lib/liba/br25/cpu.a(power_wakeup.o)
                              power_hw.o (symbol from plugin) (__hw_wakeup_port_init)
include_lib/liba/br25/cpu.a(rtc.o)
                              power_wakeup.o (symbol from plugin) (rtc_wakup_source)
include_lib/liba/br25/cpu.a(pmu_calibrate.o)
                              obj/Release/cpu/br25/adc_api.o (symbol from plugin) (check_pmu_voltage)
include_lib/liba/br25/cpu.a(fm_inside_api.o)
                              obj/Release/apps/common/device/fm/fm_inside/fm_inside.o (symbol from plugin) (fm_inside_mem_init)
include_lib/liba/br25/cpu.a(fm_digital_set.o)
                              fm_inside_api.o (symbol from plugin) (fm_set_mono)
include_lib/liba/br25/cpu.a(fm_init.o)
                              fm_inside_api.o (symbol from plugin) (fm_mem_init)
include_lib/liba/br25/cpu.a(fm_rf.o)
                              fm_init.o (symbol from plugin) (fm_rf_init)
include_lib/liba/br25/cpu.a(fm_scan.o)
                              fm_init.o (symbol from plugin) (fm_agc)
include_lib/liba/br25/cpu.a(fm_global_dat.o)
                              fm_digital_set.o (symbol from plugin) (cs_table_H75_NOISE_L75)
include_lib/liba/br25/cpu.a(sdx_dev.o)
                              obj/Release/apps/soundbox/board/br25/user_fun/user_dev_check.o (symbol from plugin) (sd_io_suspend)
include_lib/liba/br25/cpu.a(sdx_driver.o)
                              sdx_dev.o (symbol from plugin) (sdx_init_card)
include_lib/liba/br25/cpu.a(sdx_source.o)
                              sdx_driver.o (symbol from plugin) (sdx_get_hi_jiffies)
include_lib/liba/br25/cpu.a(otg.o)
                              obj/Release/apps/soundbox/task_manager/idle/idle.o (symbol from plugin) (usb_otg_online)
include_lib/liba/br25/cpu.a(usb_phy.o)
                              obj/Release/apps/common/usb/host/usb_ctrl_transfer.o (symbol from plugin) (get_jiffies)
include_lib/liba/br25/cpu.a(startup.o)
                              (_start)
include_lib/liba/br25/cpu.a(fm_dem.o)
                              fm_init.o (symbol from plugin) (fm_dem)
include_lib/liba/br25/cpu.a(lp_timer_hw.o)
                              power_hw.o (symbol from plugin) (__hw_nv_timer0_dump)
include_lib/liba/br25/cpu.a(lrc_hw.o)
                              power_hw.o (symbol from plugin) (__get_lrc_hz)
include_lib/liba/br25/cpu.a(misc_hw.o)
                              power_hw.o (symbol from plugin) (watchdog_close)
include_lib/liba/br25/btstack.a(tws_host.o)
                              obj/Release/apps/soundbox/task_manager/bt/bt_switch_fun.o (symbol from plugin) (tws_profile_init)
include_lib/liba/br25/btstack.a(btstack_task.o)
                              obj/Release/apps/soundbox/task_manager/bt/bt_switch_fun.o (symbol from plugin) (btstack_init)
include_lib/liba/br25/btstack.a(hci_vendor.o)
                              btstack_task.o (symbol from plugin) (hci_event_handler)
include_lib/liba/br25/btstack.a(btstack_memory.o)
                              hci_vendor.o (symbol from plugin) (btstack_memory_le_hci_connection_get)
include_lib/liba/br25/btstack.a(btstack_linked_list.o)
                              hci_vendor.o (symbol from plugin) (btstack_linked_list_empty)
include_lib/liba/br25/btstack.a(utils.o)
                              obj/Release/apps/common/third_party_profile/jieli/hid_user.o (symbol from plugin) (little_endian_read_16)
include_lib/liba/br25/btstack.a(run_loop.o)
                              btstack_task.o (symbol from plugin) (bt_profile_loop)
include_lib/liba/br25/btstack.a(l2cap.o)
                              hci_vendor.o (symbol from plugin) (remote_dev_company_ioctrl)
include_lib/liba/br25/btstack.a(user_interface.o)
                              obj/Release/apps/soundbox/task_manager/bt/bt.o (symbol from plugin) (read_remote_name_handle_register)
include_lib/liba/br25/btstack.a(bt_audio.o)
                              obj/Release/apps/soundbox/task_manager/bt/bt_event_fun.o (symbol from plugin) (get_esco_coder_busy_flag)
include_lib/liba/br25/btstack.a(multi_bd.o)
                              btstack_task.o (symbol from plugin) (multi_bd_init)
include_lib/liba/br25/btstack.a(l2cap_signaling.o)
                              l2cap.o (symbol from plugin) (l2cap_outgoing_acl_len)
include_lib/liba/br25/btstack.a(a2dp.o)
                              bt_audio.o (symbol from plugin) (__close_all_a2dp_media_coder)
include_lib/liba/br25/btstack.a(a2dp_sink.o)
                              a2dp.o (symbol from plugin) (__sink_media_close)
include_lib/liba/br25/btstack.a(a2dp_source.o)
                              a2dp.o (symbol from plugin) (sbc_param_init)
include_lib/liba/br25/btstack.a(avdtp.o)
                              a2dp.o (symbol from plugin) (avdtp_retry_send)
include_lib/liba/br25/btstack.a(a2dp_media_codec.o)
                              obj/Release/apps/soundbox/task_manager/bt/bt_switch_fun.o (symbol from plugin) (sbc_energy_check)
include_lib/liba/br25/btstack.a(avctp.o)
                              a2dp.o (symbol from plugin) (auto_pause_music_player)
include_lib/liba/br25/btstack.a(avrcp.o)
                              avctp.o (symbol from plugin) (avrcp_player_event)
include_lib/liba/br25/btstack.a(hfp_profile.o)
                              multi_bd.o (symbol from plugin) (hfp_send_bcc_cmd)
include_lib/liba/br25/btstack.a(hid.o)
                              tws_host.o (symbol from plugin) (hid_core_data_for_send)
include_lib/liba/br25/btstack.a(spp_profile.o)
                              tws_host.o (symbol from plugin) (spp_core_data_for_send)
include_lib/liba/br25/btstack.a(iap_profile.o)
                              tws_host.o (symbol from plugin) (iap_core_data_for_send)
include_lib/liba/br25/btstack.a(rfcomm.o)
                              hfp_profile.o (symbol from plugin) (rfcomm_send_internal)
include_lib/liba/br25/btstack.a(sdp.o)
                              tws_host.o (symbol from plugin) (sdp_core_data_for_send)
include_lib/liba/br25/btstack.a(sdp_util.o)
                              sdp.o (symbol from plugin) (de_get_len)
include_lib/liba/br25/btstack.a(sdp_master.o)
                              tws_host.o (symbol from plugin) (check_sdp_master_channel_state)
include_lib/liba/br25/btstack.a(avctp_user.o)
                              obj/Release/apps/soundbox/task_manager/bt/bt_switch_fun.o (symbol from plugin) (set_stack_exiting)
include_lib/liba/br25/btstack.a(remote_device_db.o)
                              hci_vendor.o (symbol from plugin) (get_link_key)
include_lib/liba/br25/btstack.a(bt_configs.o)
                              avctp.o (symbol from plugin) (__bt_profile_enable)
include_lib/liba/br25/btstack.a(btstack_main.o)
                              btstack_task.o (symbol from plugin) (btstack_mem_init)
include_lib/liba/br25/btstack.a(att_dispatch.o)
                              btstack_main.o (symbol from plugin) (att_global_info_init)
include_lib/liba/br25/btstack.a(btstack_sys_timer.o)
                              avctp.o (symbol from plugin) (btstack_set_timer)
include_lib/liba/br25/btstack.a(hfp_ag_profile.o)
                              btstack_main.o (symbol from plugin) (hfp_ag_profile_init)
include_lib/liba/br25/btstack.a(pbg_profile.o)
                              avctp_user.o (symbol from plugin) (pbg_data_try_send_byaddr)
include_lib/liba/br25/btstack.a(opp.o)
                              btstack_main.o (symbol from plugin) (opp_cmd_io_ctrl)
include_lib/liba/br25/btstack.a(obex.o)
                              opp.o (symbol from plugin) (obex_connection_req)
include_lib/liba/br25/btstack.a(vCard.o)
                              opp.o (symbol from plugin) (vcard_buffer_init)
include_lib/liba/br25/btstack.a(att_send.o)
                              btstack_main.o (symbol from plugin) (user_data_cbuf_is_write_able)
include_lib/liba/br25/btstack.a(client_user.o)
                              att_send.o (symbol from plugin) (user_client_gatt_event)
include_lib/liba/br25/btstack.a(database_file.o)
                              btstack_main.o (symbol from plugin) (set_bt_vm_interface)
include_lib/liba/br25/btstack.a(att_server.o)
                              att_send.o (symbol from plugin) (att_server_request_can_send_now_event)
include_lib/liba/br25/btstack.a(sm.o)
                              att_server.o (symbol from plugin) (sm_add_event_handler)
include_lib/liba/br25/btstack.a(le_device_db_memory.o)
                              sm.o (symbol from plugin) (le_device_db_remove)
include_lib/liba/br25/btstack.a(gatt_client.o)
                              att_send.o (symbol from plugin) (gatt_client_request_can_send_now_event)
include_lib/liba/br25/btstack.a(att_db.o)
                              att_server.o (symbol from plugin) (att_set_db)
include_lib/liba/br25/btctrler.a(misc_hw.o)
                              obj/Release/cpu/br25/audio_mic/effect_cfg.o (symbol from plugin) (crc_get_16bit)
include_lib/liba/br25/btctrler.a(analog.o)
                              fm_rf.o (symbol from plugin) (get_bta_pll_bank)
include_lib/liba/br25/btctrler.a(btagc.o)
                              analog.o (symbol from plugin) (btagc_init)
include_lib/liba/br25/btctrler.a(RF.o)
                              obj/Release/apps/soundbox/common/user_cfg.o (symbol from plugin) (bt_max_pwr_set)
include_lib/liba/br25/btctrler.a(RF_ble.o)
                              RF.o (symbol from plugin) (le_hw_reset_power)
include_lib/liba/br25/btctrler.a(analog_ble.o)
                              RF_ble.o (symbol from plugin) (ble_agc_normal_set)
include_lib/liba/br25/btctrler.a(le_low_power.o)
                              RF_ble.o (symbol from plugin) (__get_clkn)
include_lib/liba/br25/btctrler.a(direct_test_dut.o)
                              btstack_task.o (symbol from plugin) (dut_hci_controller_init)
include_lib/liba/br25/btctrler.a(hci_ll_cmds.o)
                              obj/Release/apps/common/update/update.o (symbol from plugin) (le_controller_get_mac)
include_lib/liba/br25/btctrler.a(ll_resolve_list.o)
                              hci_ll_cmds.o (symbol from plugin) (ll_resolving_list_init)
include_lib/liba/br25/btctrler.a(ll_init.o)
                              hci_ll_cmds.o (symbol from plugin) (ll_init_open)
include_lib/liba/br25/btctrler.a(link_layer.o)
                              hci_vendor.o (symbol from plugin) (get_ble_link_handle)
include_lib/liba/br25/btctrler.a(ll_vendor.o)
                              RF_ble.o (symbol from plugin) (ble_vendor_is_slow_state)
include_lib/liba/br25/btctrler.a(ll_white_list.o)
                              ll_init.o (symbol from plugin) (ll_white_list_match)
include_lib/liba/br25/btctrler.a(ll_data_extension.o)
                              hci_ll_cmds.o (symbol from plugin) (ll_read_maximum_data_length)
include_lib/liba/br25/btctrler.a(ll_afh.o)
                              link_layer.o (symbol from plugin) (master_ll_update_channel_map_done)
include_lib/liba/br25/btctrler.a(hci_ll_5_cmds.o)
                              hci_ll_cmds.o (symbol from plugin) (le_controller_handler_for_ble5)
include_lib/liba/br25/btctrler.a(ll_multiple_phys.o)
                              link_layer.o (symbol from plugin) (__master_ll_phy_update_done)
include_lib/liba/br25/btctrler.a(ll_keys.o)
                              hci_ll_cmds.o (symbol from plugin) (ll_read_local_p256_public_key)
include_lib/liba/br25/btctrler.a(ll_events.o)
                              link_layer.o (symbol from plugin) (le_connection_update_complete_event)
include_lib/liba/br25/btctrler.a(ll_scan.o)
                              ll_events.o (symbol from plugin) (le_scan_filter_duplicates)
include_lib/liba/br25/btctrler.a(ll_slave.o)
                              link_layer.o (symbol from plugin) (conn_slave_rx_post_handler)
include_lib/liba/br25/btctrler.a(ll_adv.o)
                              link_layer.o (symbol from plugin) (adv_rx_post_handler)
include_lib/liba/br25/btctrler.a(hci_ll.o)
                              obj/Release/apps/common/update/update.o (symbol from plugin) (ll_hci_destory)
include_lib/liba/br25/btctrler.a(ll_ext_scan.o)
                              hci_ll_5_cmds.o (symbol from plugin) (ll_ext_scan_close)
include_lib/liba/br25/btctrler.a(ll_periodic_advertising.o)
                              ll_ext_scan.o (symbol from plugin) (le_periodic_sync_timeout_close)
include_lib/liba/br25/btctrler.a(ll_ext_init.o)
                              hci_ll_5_cmds.o (symbol from plugin) (ll_ext_init_open)
include_lib/liba/br25/btctrler.a(ll_ext_adv.o)
                              ll_slave.o (symbol from plugin) (ll_exit_ext_legacy_adv_status)
include_lib/liba/br25/btctrler.a(tws_le_acc.o)
                              hci_vendor.o (symbol from plugin) (tws_le_acc_generation)
include_lib/liba/br25/btctrler.a(tws_le_link.o)
                              hci_vendor.o (symbol from plugin) (tws_le_adv_scan_parm_init)
include_lib/liba/br25/btctrler.a(link_bulk.o)
                              obj/Release/apps/soundbox/aec/br25/audio_aec.o (symbol from plugin) (bredr_rx_bulk_state)
include_lib/liba/br25/btctrler.a(lmp.o)
                              tws_le_link.o (symbol from plugin) (tws_ble_sniff_slot_reset)
include_lib/liba/br25/btctrler.a(lmp_hci.o)
                              hci_vendor.o (symbol from plugin) (get_tws_internal_addr)
include_lib/liba/br25/btctrler.a(authentication.o)
                              lmp.o (symbol from plugin) (function_E1)
include_lib/liba/br25/btctrler.a(bredr_frame.o)
                              analog.o (symbol from plugin) (bredr_radiopwrupdn_reset)
include_lib/liba/br25/btctrler.a(bredr_link.o)
                              tws_le_link.o (symbol from plugin) (get_bredr_link_state)
include_lib/liba/br25/btctrler.a(bredr_slot_timer.o)
                              bredr_frame.o (symbol from plugin) (slot_timer_init)
include_lib/liba/br25/btctrler.a(bredr_low_power.o)
                              bredr_frame.o (symbol from plugin) (bredr_power_get)
include_lib/liba/br25/btctrler.a(bredr_dut.o)
                              bredr_link.o (symbol from plugin) (dut_clear_tx_buf)
include_lib/liba/br25/btctrler.a(bredr_fcc.o)
                              obj/Release/apps/soundbox/task_manager/bt/bt_product_test.o (symbol from plugin) (bredr_fcc_init)
include_lib/liba/br25/btctrler.a(tws_link.o)
                              bredr_link.o (symbol from plugin) (tws_esco_acl_communication)
include_lib/liba/br25/btctrler.a(tws_pair.o)
                              bredr_link.o (symbol from plugin) (tws_rx_bulk_alloc_in_irq)
include_lib/liba/br25/btctrler.a(tws_data_forwarding.o)
                              tws_pair.o (symbol from plugin) (tws_data_sync_clear_abandon_num)
include_lib/liba/br25/btctrler.a(tws_media_sync.o)
                              obj/Release/cpu/br25/audio_dec/audio_sync.o (symbol from plugin) (bt_send_audio_sync_data)
include_lib/liba/br25/btctrler.a(tws_event.o)
                              (tws_event_sync)
include_lib/liba/br25/btctrler.a(tws_task.o)
                              obj/Release/apps/soundbox/task_manager/bt/bt_tws.o (symbol from plugin) (tws_api_pair_all_way)
include_lib/liba/br25/btctrler.a(tws_ci_data.o)
                              (tws_ci_data)
include_lib/liba/br25/btctrler.a(tws_power_balance.o)
                              tws_task.o (symbol from plugin) (tws_power_banance_init)
include_lib/liba/br25/btctrler.a(tws_sync_call.o)
                              tws_task.o (symbol from plugin) (tws_api_sync_call_func_internal)
include_lib/liba/br25/btctrler.a(tws_tx_sync.o)
                              tws_task.o (symbol from plugin) (tws_tx_sync_init)
include_lib/liba/br25/btctrler.a(tws_low_latency.o)
                              (tws_low_latency)
include_lib/liba/br25/btctrler.a(local_media_sync.o)
                              tws_pair.o (symbol from plugin) (tws_api_local_media_packet_cnt)
include_lib/liba/br25/btctrler.a(btctrler_task.o)
                              lmp_hci.o (symbol from plugin) (lmp_hci_cmd_to_conn_for_addr)
include_lib/liba/br25/btctrler.a(h4_controller_interface.o)
                              btstack_task.o (symbol from plugin) (hci_transport_h4_controller_instance)
include_lib/liba/br25/btctrler.a(h4_uart_interface_loop.o)
                              btstack_task.o (symbol from plugin) (hci_transport_uart_instance)
include_lib/liba/br25/btctrler.a(hci_device_manager.o)
                              hci_vendor.o (symbol from plugin) (dev_hci_set_event_mask)
include_lib/liba/br25/btctrler.a(hci_controller.o)
                              hci_vendor.o (symbol from plugin) (le_hci_send_acl_packet)
include_lib/liba/br25/btctrler.a(device_manager.o)
                              RF.o (symbol from plugin) (set_bt_version)
include_lib/liba/br25/btctrler.a(link_task.o)
                              lmp.o (symbol from plugin) (link_task_close_all)
include_lib/liba/br25/btctrler.a(vendor_manager.o)
                              hci_controller.o (symbol from plugin) (hci_vendor_cmd_handler)
include_lib/liba/br25/btctrler.a(aes_hw.o)
                              RF_ble.o (symbol from plugin) (ccm_memory_v2)
include_lib/liba/br25/btctrler.a(sys_timer.o)
                              link_layer.o (symbol from plugin) (sys_timer_register)
include_lib/liba/br25/btctrler.a(vsprintf.o)
                              direct_test_dut.o (symbol from plugin) (__vsprintf_len)
include_lib/liba/br25/btctrler.a(thread.o)
                              hci_controller.o (symbol from plugin) (thread_owner_init)
include_lib/liba/br25/btctrler.a(lbuf.o)
                              link_layer.o (symbol from plugin) (lbuf_init_btctrler)
include_lib/liba/br25/btctrler.a(btcontroller_heap.o)
                              direct_test_dut.o (symbol from plugin) (btctler_nv_memory_apply)
include_lib/liba/br25/btctrler.a(btcontroller_util.o)
                              RF_ble.o (symbol from plugin) (btctler_little_endian_read_16)
include_lib/liba/br25/btctrler.a(hw_dma.o)
                              RF_ble.o (symbol from plugin) (hw_dma_init)
include_lib/liba/br25/btctrler.a(aes128.o)
                              hci_ll_cmds.o (symbol from plugin) (aes128_start)
include_lib/liba/br25/btctrler.a(RF_ble5.o)
                              RF_ble.o (symbol from plugin) (get_if_exist_ble5)
include_lib/liba/br25/btctrler.a(ll_master.o)
                              ll_init.o (symbol from plugin) (master_rx_conn_post_handler)
include_lib/liba/br25/btctrler.a(ll_extended_advertising.o)
                              ll_ext_scan.o (symbol from plugin) (__set_ll_ext_local_addr)
include_lib/liba/br25/btctrler.a(ll_common_iso.o)
                              ll_ext_adv.o (symbol from plugin) (ll_dispatch_msg_table)
include_lib/liba/br25/btctrler.a(ll_bis.o)
                              ll_common_iso.o (symbol from plugin) (ll_bis_by_handle)
include_lib/liba/br25/btctrler.a(tws_ll_scan.o)
                              tws_le_link.o (symbol from plugin) (tws_ll_scan_open)
include_lib/liba/br25/btctrler.a(tws_ll_adv.o)
                              tws_le_link.o (symbol from plugin) (tws_ll_adv_set_params)
include_lib/liba/br25/btctrler.a(lmp_utils.o)
                              lmp.o (symbol from plugin) (endian_change)
include_lib/liba/br25/btctrler.a(lmp_hci_cmd_parser.o)
                              hci_controller.o (symbol from plugin) (hci_lmp_link_control_cmd_handler)
include_lib/liba/br25/btctrler.a(bredr_utils.o)
                              bredr_link.o (symbol from plugin) (bredr_clkn_after)
include_lib/liba/br25/btctrler.a(audio_codec.o)
                              ll_common_iso.o (symbol from plugin) (PalCodecDataStartStream)
include_lib/liba/br25/btctrler.a(ll_cis.o)
                              ll_common_iso.o (symbol from plugin) (ll_cis_by_handle)
include_lib/liba/br25/btctrler.a(ll_bis_slave.o)
                              ll_bis.o (symbol from plugin) (ll_bis_slave_init)
include_lib/liba/br25/btctrler.a(ll_cis_slave.o)
                              ll_cis.o (symbol from plugin) (ll_cis_slave_init)
include_lib/liba/br25/btctrler.a(ll_msg.o)
                              ll_bis_slave.o (symbol from plugin) (ll_msg_alloc)
include_lib/liba/br25/btctrler.a(ll_cis_master.o)
                              ll_cis.o (symbol from plugin) (ll_cis_master_init)
include_lib/liba/br25/system.a(app_msg.o)
                              obj/Release/apps/soundbox/task_manager/bt/bt.o (symbol from plugin) (app_task_get_msg)
include_lib/liba/br25/system.a(ASCII_lib.o)
                              obj/Release/cpu/br25/audio_dec/audio_dec_tone.o (symbol from plugin) (ASCII_StrCmpNoCase)
include_lib/liba/br25/system.a(circular_buf.o)
                              obj/Release/apps/common/third_party_profile/jieli/hid_user.o (symbol from plugin) (cbuf_read)
include_lib/liba/br25/system.a(syscfg_api.o)
                              obj/Release/apps/soundbox/aec/br25/audio_aec.o (symbol from plugin) (syscfg_read)
include_lib/liba/br25/system.a(cfg_btif.o)
                              syscfg_api.o (symbol from plugin) (syscfg_btif_enable)
include_lib/liba/br25/system.a(config_interface.o)
                              obj/Release/apps/common/config/app_config.o (symbol from plugin) (config_layer_init)
include_lib/liba/br25/system.a(port_overwrite.o)
                              debug.o (symbol from plugin) (tcb_dump)
include_lib/liba/br25/system.a(port_asm_mmu.o)
                              port_overwrite.o (symbol from plugin) (__tick_irq_handler)
include_lib/liba/br25/system.a(sbrk.o)
                              obj/Release/cpu/br25/setup.o (symbol from plugin) (memory_init)
include_lib/liba/br25/system.a(hwi.o)
                              obj/Release/apps/common/usb/usb_host_config.o (symbol from plugin) (request_irq)
include_lib/liba/br25/system.a(heap_mmu.o)
                              obj/Release/apps/soundbox/task_manager/bt/bt_event_fun.o (symbol from plugin) (mem_stats)
include_lib/liba/br25/system.a(common.o)
                              sdx_source.o (symbol from plugin) (jiffies_msec)
include_lib/liba/br25/system.a(memory.o)
                              obj/Release/apps/common/device/fm/fm_manage.o (symbol from plugin) (malloc)
include_lib/liba/br25/system.a(device_api.o)
                              sdx_dev.o (symbol from plugin) (dev_open)
include_lib/liba/br25/system.a(event.o)
                              obj/Release/apps/common/key/key_driver.o (symbol from plugin) (sys_event_notify)
include_lib/liba/br25/system.a(tff.o)
                              obj/Release/apps/common/dev_manager/dev_manager.o (symbol from plugin) (hidden_file)
include_lib/liba/br25/system.a(vfs.o)
                              obj/Release/apps/common/dev_manager/dev_manager.o (symbol from plugin) (mount)
include_lib/liba/br25/system.a(ff_opr.o)
                              obj/Release/apps/common/audio/encode/encode_write_file.o (symbol from plugin) (get_last_num)
include_lib/liba/br25/system.a(sdfile_new.o)
                              cfg_btif.o (symbol from plugin) (sdfile_cpu_addr2flash_addr)
include_lib/liba/br25/system.a(fat_compact.o)
                              vfs.o (symbol from plugin) (__fat_fscan_subpath_or_pre_dir)
include_lib/liba/br25/system.a(init.o)
                              include_lib/liba/br25/cpu.a(startup.o) (boot_info_init)
include_lib/liba/br25/system.a(lbuf.o)
                              link_bulk.o (symbol from plugin) (lbuf_init)
include_lib/liba/br25/system.a(nor_fs.o)
                              obj/Release/apps/common/update/norflash_update.o (symbol from plugin) (nor_get_absolute_addr)
include_lib/liba/br25/system.a(puthex.o)
                              obj/Release/apps/common/update/update.o (symbol from plugin) (printf_buf)
include_lib/liba/br25/system.a(printf-stdarg.o)
                              obj/Release/apps/common/audio/encode/encode_write_file.o (symbol from plugin) (sprintf)
include_lib/liba/br25/system.a(log.o)
                              printf-stdarg.o (symbol from plugin) (log_print_time)
include_lib/liba/br25/system.a(task.o)
                              obj/Release/apps/common/ui/led7/led7_ui_api.o (symbol from plugin) (os_current_task)
include_lib/liba/br25/system.a(timer.o)
                              obj/Release/apps/common/device/detection.o (symbol from plugin) (sys_timer_add)
include_lib/liba/br25/system.a(app_core.o)
                              init.o (symbol from plugin) (app_core_msg_handler)
include_lib/liba/br25/system.a(cfg_bin.o)
                              cfg_btif.o (symbol from plugin) (syscfg_file_open)
include_lib/liba/br25/system.a(ffunicode.o)
                              tff.o (symbol from plugin) (ff_wtoupper)
include_lib/liba/br25/system.a(mbr.o)
                              fat_compact.o (symbol from plugin) (mbr_scan)
include_lib/liba/br25/sbc_eng_lib.a(sbceng.o)
                              a2dp_media_codec.o (symbol from plugin) (sbc_cal_energy)
include_lib/liba/br25/limiter_noiseGate.a(limiter_noiseGate.o)
                              obj/Release/cpu/br25/audio_dec/audio_dec_bt.o (symbol from plugin) (need_limiter_noiseGate_buf)
include_lib/liba/br25/limiter_noiseGate.a(data.o)
                              limiter_noiseGate.o (symbol from plugin) (log2_data)
include_lib/liba/br25/noisegate.a(noisegate.o)
                              obj/Release/cpu/br25/audio_mic/mic_effect.o (symbol from plugin) (noiseGate_init)
include_lib/liba/br25/noisegate.a(QuasiFloat.o)
                              noisegate.o (symbol from plugin) (IntegerQuasiFloat)
include_lib/liba/br25/filtparam_cal_lib.a(rfilt.o)
                              obj/Release/cpu/br25/audio_mic/mic_effect.o (symbol from plugin) (get_bfiltTAB_func_api)
include_lib/liba/br25/media_app.a(audio_dec_app.o)
                              obj/Release/cpu/br25/audio_dec/audio_dec_tone.o (symbol from plugin) (audio_dec_app_set_frame_info)
include_lib/liba/br25/media_app.a(audio_buf_sync.o)
                              obj/Release/cpu/br25/audio_dec/audio_dec_linein.o (symbol from plugin) (audio_buf_sync_follow_rate)
include_lib/liba/br25/media_app.a(audio_output_dac.o)
                              obj/Release/cpu/br25/audio_common/app_audio.o (symbol from plugin) (audio_dac_vol_set)
include_lib/liba/br25/media_app.a(audio_energy_detect.o)
                              obj/Release/cpu/br25/audio_dec/audio_dec.o (symbol from plugin) (audio_energy_detect_open)
include_lib/liba/br25/media_app.a(audio_dig_vol.o)
                              obj/Release/cpu/br25/audio_mic/mic_effect.o (symbol from plugin) (audio_dig_vol_entry_get)
include_lib/liba/br25/media_app.a(audio_eq.o)
                              obj/Release/apps/soundbox/aec/br25/audio_aec.o (symbol from plugin) (audio_eq_run)
include_lib/liba/br25/media_app.a(audio_eq_drc_apply.o)
                              obj/Release/apps/soundbox/aec/br25/audio_aec.o (symbol from plugin) (audio_dec_eq_open)
include_lib/liba/br25/media_app.a(audio_equalloudness.o)
                              obj/Release/cpu/br25/audio_dec/audio_dec_bt.o (symbol from plugin) (audio_equal_loudness_open)
include_lib/liba/br25/media_app.a(audio_surround.o)
                              obj/Release/cpu/br25/audio_dec/audio_dec_bt.o (symbol from plugin) (audio_surround_open)
include_lib/liba/br25/media_app.a(audio_vbass.o)
                              obj/Release/cpu/br25/audio_dec/audio_dec_bt.o (symbol from plugin) (audio_vbass_open)
include_lib/liba/br25/media_app.a(eq_config.o)
                              obj/Release/cpu/br25/audio_dec/audio_dec_bt.o (symbol from plugin) (eq_get_filter_info)
include_lib/liba/br25/media_app.a(eq_config_protocol.o)
                              eq_config.o (symbol from plugin) (get_eq_coeff_tab)
include_lib/liba/br25/media_app.a(audio_pitch.o)
                              obj/Release/cpu/br25/audio_mic/mic_effect.o (symbol from plugin) (get_pitch_parm)
include_lib/liba/br25/media_app.a(audio_howling.o)
                              obj/Release/cpu/br25/audio_mic/mic_effect.o (symbol from plugin) (open_howling)
include_lib/liba/br25/media_app.a(audio_echo_reverb.o)
                              obj/Release/cpu/br25/audio_mic/mic_effect.o (symbol from plugin) (open_reverb)
include_lib/liba/br25/media_app.a(audio_noisegate.o)
                              obj/Release/cpu/br25/audio_mic/mic_effect.o (symbol from plugin) (open_noisegate)
include_lib/liba/br25/media_app.a(audio_echo_src.o)
                              obj/Release/cpu/br25/audio_mic/mic_effect.o (symbol from plugin) (open_echo_src)
include_lib/liba/br25/media_app.a(audio_drc.o)
                              audio_eq_drc_apply.o (symbol from plugin) (audio_drc_open)
include_lib/liba/br25/rcsp_stack.a(JL_rcsp_api.o)
                              obj/Release/apps/soundbox/smartbox/browser/browser.o (symbol from plugin) (app_htons)
include_lib/liba/br25/rcsp_stack.a(JL_rcsp_protocol.o)
                              obj/Release/apps/soundbox/smartbox/cmd_data_deal/cmd_user.o (symbol from plugin) (JL_CMD_send)
include_lib/liba/br25/rcsp_stack.a(JL_rcsp_packet.o)
                              JL_rcsp_protocol.o (symbol from plugin) (rcsp_packet_need_buf_size)
include_lib/liba/br25/media.a(PLC.o)
                              obj/Release/cpu/br25/audio_dec/audio_dec_bt.o (symbol from plugin) (PLC_query)
include_lib/liba/br25/media.a(file_decoder.o)
                              obj/Release/cpu/br25/audio_dec/audio_dec_file.o (symbol from plugin) (file_decoder_open)
include_lib/liba/br25/media.a(esco_decoder.o)
                              obj/Release/cpu/br25/audio_dec/audio_dec_bt.o (symbol from plugin) (esco_decoder_output_handler)
include_lib/liba/br25/media.a(pcm_decoder.o)
                              obj/Release/cpu/br25/audio_dec/audio_dec_fm.o (symbol from plugin) (pcm_decoder_open)
include_lib/liba/br25/media.a(a2dp_decoder.o)
                              obj/Release/apps/soundbox/task_manager/bt/bt_event_fun.o (symbol from plugin) (__a2dp_drop_frame)
include_lib/liba/br25/media.a(sbc_decoder_hw.o)
                              (sbc_decoder)
include_lib/liba/br25/media.a(msbc_decoder_hw.o)
                              (msbc_decoder)
include_lib/liba/br25/media.a(audio_decoder.o)
                              sbc_decoder_hw.o (symbol from plugin) (audio_decoder_put_output_buff)
include_lib/liba/br25/media.a(pcm_decoder.o)
                              (pcm_decoder)
include_lib/liba/br25/media.a(wav_decoder.o)
                              (wav_decoder)
include_lib/liba/br25/media.a(mp3_decoder.o)
                              (mp3_decoder)
include_lib/liba/br25/media.a(cvsd_decoder.o)
                              (cvsd_decoder)
include_lib/liba/br25/media.a(g729_decoder.o)
                              (g729_decoder)
include_lib/liba/br25/media.a(msbc_encoder_hw.o)
                              obj/Release/cpu/br25/audio_enc/audio_enc.o (symbol from plugin) (msbc_encoder_init)
include_lib/liba/br25/media.a(cvsd_encoder.o)
                              obj/Release/cpu/br25/audio_enc/audio_enc.o (symbol from plugin) (cvsd_encoder_init)
include_lib/liba/br25/media.a(audio_encoder.o)
                              msbc_encoder_hw.o (symbol from plugin) (audio_encoder_get_output_buff)
include_lib/liba/br25/media.a(audio_splicing.o)
                              obj/Release/cpu/br25/audio_mic/mic_stream.o (symbol from plugin) (pcm_single_to_dual)
include_lib/liba/br25/media.a(audio_stream.o)
                              obj/Release/cpu/br25/audio_dec/audio_dec.o (symbol from plugin) (audio_stream_open)
include_lib/liba/br25/media.a(sw_drc.o)
                              audio_drc.o (symbol from plugin) (audio_sw_drc_close)
include_lib/liba/br25/media.a(audio_adc.o)
                              obj/Release/cpu/br25/audio_dec/audio_usb_mic.o (symbol from plugin) (audio_adc_set_mic_gain)
include_lib/liba/br25/media.a(audio_wireless_sync.o)
                              obj/Release/cpu/br25/audio_dec/audio_sync.o (symbol from plugin) (audio_wireless_sync_open)
include_lib/liba/br25/media.a(audio_src.o)
                              obj/Release/cpu/br25/audio_dec/audio_dec.o (symbol from plugin) (audio_hw_src_open)
include_lib/liba/br25/media.a(audio_sample_sync.o)
                              obj/Release/cpu/br25/audio_dec/audio_sync.o (symbol from plugin) (audio_sample_sync_open)
include_lib/liba/br25/media.a(eq_design.o)
                              eq_config_protocol.o (symbol from plugin) (design_lp)
include_lib/liba/br25/media.a(audio_src_base.o)
                              obj/Release/cpu/br25/audio_dec/audio_dec.o (symbol from plugin) (audio_src_base_filt_init)
include_lib/liba/br25/media.a(audio_dac.o)
                              obj/Release/cpu/br25/audio_common/app_audio.o (symbol from plugin) (audio_dac_ch_analog_gain_set)
include_lib/liba/br25/media.a(sbc_hwaccel.o)
                              (sbc_hwaccel)
include_lib/liba/br25/media.a(audio_linein.o)
                              obj/Release/apps/common/device/fm/fm_manage.o (symbol from plugin) (audio_linein1_open)
include_lib/liba/br25/media.a(hw_eq.o)
                              eq_config_protocol.o (symbol from plugin) (eq_get_AllpassCoeff)
include_lib/liba/br25/media.a(mixer.o)
                              obj/Release/cpu/br25/audio_dec/audio_dec.o (symbol from plugin) (audio_mixer_open)
include_lib/liba/br25/media.a(prevent_task_fill.o)
                              obj/Release/cpu/br25/audio_dec/audio_dec.o (symbol from plugin) (prevent_task_fill_create)
include_lib/liba/br25/update.a(lmp_ch_update.o)
                              lmp.o (symbol from plugin) (lmp_ch_update_resume_hdl)
include_lib/liba/br25/update.a(loader_download_main.o)
                              obj/Release/apps/common/update/norflash_update.o (symbol from plugin) (register_loader_write_handler)
include_lib/liba/br25/update.a(flash_fs_api.o)
                              loader_download_main.o (symbol from plugin) (jl_file_head_valid_check)
include_lib/liba/br25/update.a(update_main.o)
                              obj/Release/apps/common/update/update.o (symbol from plugin) (get_ota_status)
include_lib/liba/br25/update.a(encrypt_api.o)
                              loader_download_main.o (symbol from plugin) (decode_data_by_user_key)
include_lib/liba/br25/update.a(ble_ll_ch_update.o)
                              update_main.o (symbol from plugin) (ble_test_update_exit)
include_lib/liba/br25/update.a(storage_dev_update.o)
                              update_main.o (symbol from plugin) (strg_update_set_file_path)
include_lib/liba/br25/crypto_toolbox_Ospeed.a(endian.o)
                              obex.o (symbol from plugin) (_swap16)
include_lib/liba/br25/crypto_toolbox_Ospeed.a(uECC_new.o)
                              lmp.o (symbol from plugin) (uECC_secp192r1)
include_lib/liba/br25/crypto_toolbox_Ospeed.a(bigint.o)
                              authentication.o (symbol from plugin) (bi_poly_mod2)
include_lib/liba/br25/crypto_toolbox_Ospeed.a(Crypto_hash.o)
                              lmp.o (symbol from plugin) (g_function)
include_lib/liba/br25/crypto_toolbox_Ospeed.a(hmac.o)
                              Crypto_hash.o (symbol from plugin) (hmacCompute)
include_lib/liba/br25/crypto_toolbox_Ospeed.a(sha256.o)
                              Crypto_hash.o (symbol from plugin) (sha256Compute)
include_lib/liba/br25/crypto_toolbox_Ospeed.a(aes_cmac.o)
                              ll_bis.o (symbol from plugin) (aes_cmac)
include_lib/liba/br25/crypto_toolbox_Ospeed.a(rijndael.o)
                              aes_cmac.o (symbol from plugin) (rijndaelSetupEncrypt)
include_lib/liba/br25/cpu.a(fm_emitter.o)
                              analog.o (symbol from plugin) (br25_fm_tx_mode)
include_lib/liba/br25/wtg_dec_lib.a(decoder.o)
                              g729_decoder.o (symbol from plugin) (get_g729dec_ops)
include_lib/liba/br25/wtg_dec_lib.a(dec_ld8k.o)
                              decoder.o (symbol from plugin) (Init_Decod_ld8k)
include_lib/liba/br25/wtg_dec_lib.a(dec_lag3.o)
                              dec_ld8k.o (symbol from plugin) (Dec_lag3)
include_lib/liba/br25/wtg_dec_lib.a(pst.o)
                              decoder.o (symbol from plugin) (Init_Post_Filter)
include_lib/liba/br25/wtg_dec_lib.a(bits.o)
                              decoder.o (symbol from plugin) (bits2prm_ld8k)
include_lib/liba/br25/wtg_dec_lib.a(de_acelp.o)
                              dec_ld8k.o (symbol from plugin) (Decod_ACELP)
include_lib/liba/br25/wtg_dec_lib.a(dec_gain.o)
                              dec_ld8k.o (symbol from plugin) (Dec_gain)
include_lib/liba/br25/wtg_dec_lib.a(lpcfunc.o)
                              pst.o (symbol from plugin) (Weight_Az)
include_lib/liba/br25/wtg_dec_lib.a(post_pro.o)
                              dec_ld8k.o (symbol from plugin) (Post_Process)
include_lib/liba/br25/wtg_dec_lib.a(pred_lt3.o)
                              dec_ld8k.o (symbol from plugin) (Pred_lt_3)
include_lib/liba/br25/wtg_dec_lib.a(gainpred.o)
                              dec_gain.o (symbol from plugin) (Gain_predict)
include_lib/liba/br25/wtg_dec_lib.a(basop32.o)
                              pst.o (symbol from plugin) (saturate)
include_lib/liba/br25/wtg_dec_lib.a(lspdec.o)
                              dec_ld8k.o (symbol from plugin) (Lsp_decw_reset)
include_lib/liba/br25/wtg_dec_lib.a(tab_ld8k.o)
                              lpcfunc.o (symbol from plugin) (table2)
include_lib/liba/br25/wtg_dec_lib.a(lspgetq.o)
                              lspdec.o (symbol from plugin) (Lsp_expand_1_2)
include_lib/liba/br25/wtg_dec_lib.a(dspfunc.o)
                              gainpred.o (symbol from plugin) (Pow2)
include_lib/liba/br25/wtg_dec_lib.a(oper_32b.o)
                              gainpred.o (symbol from plugin) (L_Extract)
include_lib/liba/br25/compressor.a(compressor.o)
                              sw_drc.o (symbol from plugin) (need_compressor_buf)
include_lib/liba/br25/crossover_coff.a(crossOver.o)
                              sw_drc.o (symbol from plugin) (get_crossOver_buf)
include_lib/liba/br25/crossover_coff.a(crossover_coff.o)
                              crossOver.o (symbol from plugin) (crossoverCoff_init)
include_lib/liba/br25/limiter.a(limiter.o)
                              sw_drc.o (symbol from plugin) (need_limiter_buf)
include_lib/liba/br25/lib_pitchshifter.a(shift_anysr.o)
                              audio_pitch.o (symbol from plugin) (get_pitchshift_func_api)
include_lib/liba/br25/lib_pitchshifter.a(process_frame_cfft.o)
                              shift_anysr.o (symbol from plugin) (vc2_init)
include_lib/liba/br25/lib_pitchshifter.a(process_frame.o)
                              shift_anysr.o (symbol from plugin) (vc_init)
include_lib/liba/br25/lib_pitchshifter.a(tola.o)
                              shift_anysr.o (symbol from plugin) (tola_init)
include_lib/liba/br25/lib_pitchshifter.a(FFT.o)
                              process_frame_cfft.o (symbol from plugin) (REAL_FFT_F)
include_lib/liba/br25/lib_reverb_cal.a(echo_main.o)
                              audio_echo_reverb.o (symbol from plugin) (get_echo_func_api)
include_lib/liba/br25/lib_reverb_cal.a(reverb_main.o)
                              audio_echo_reverb.o (symbol from plugin) (get_reverbn_func_api)
include_lib/liba/br25/howling.a(howling_suppress.o)
                              audio_howling.o (symbol from plugin) (howling_run)
include_lib/liba/br25/lib_howlings_phf.a(shift_anysrh.o)
                              audio_howling.o (symbol from plugin) (get_howling_ps_func_api)
include_lib/liba/br25/lib_howlings_phf.a(noise_remover.o)
                              shift_anysrh.o (symbol from plugin) (howl_noise_remover_init)
include_lib/liba/br25/lib_howlings_phf.a(iir_hil.o)
                              shift_anysrh.o (symbol from plugin) (iir_hil_open)
include_lib/liba/br25/lib_howlings_phf.a(FFT.o)
                              noise_remover.o (symbol from plugin) (HOW_REAL_FFT_F)
include_lib/liba/br25/lib_resample_cal.a(resample.o)
                              audio_echo_src.o (symbol from plugin) (get_rs16_context)
include_lib/liba/br25/mp3_dec_lib.a(mtst_mp3.o)
                              mp3_decoder.o (symbol from plugin) (get_mp3_ops)
include_lib/liba/br25/mp3_dec_lib.a(mpeg_synth.o)
                              mtst_mp3.o (symbol from plugin) (mpegaudio_synth_full)
include_lib/liba/br25/mp3_dec_lib.a(mpegaudio.o)
                              mtst_mp3.o (symbol from plugin) (get_bit_stream_len)
include_lib/liba/br25/mp3_dec_lib.a(ID3tag_skip.o)
                              mtst_mp3.o (symbol from plugin) (id3_tag_query)
include_lib/liba/br25/mp3_dec_lib.a(layer3.o)
                              mpegaudio.o (symbol from plugin) (III_sideinfo)
include_lib/liba/br25/mp3_dec_lib.a(huffman.o)
                              layer3.o (symbol from plugin) (mad_huff_quad_table)
include_lib/liba/br25/mp3_dec_lib.a(mpeg_ctab.o)
                              mpegaudio.o (symbol from plugin) (pre_decode)
include_lib/liba/br25/mp3_dec_lib.a(layer12.o)
                              mpeg_ctab.o (symbol from plugin) (mad_layer_I)
include_lib/liba/br25/wav_dec_lib.a(testwav.o)
                              wav_decoder.o (symbol from plugin) (get_wav_ops)
include_lib/liba/br25/wav_dec_lib.a(wavdec_api.o)
                              testwav.o (symbol from plugin) (wf_file_api_fun)
include_lib/liba/br25/wav_dec_lib.a(msadpcmdec.o)
                              wavdec_api.o (symbol from plugin) (ms_adpcm_decoder)
include_lib/liba/br25/wav_dec_lib.a(ima_adpcm.o)
                              wavdec_api.o (symbol from plugin) (ima_adpcm_decoder)
include_lib/liba/br25/lib_sur_cal.a(surround.o)
                              audio_surround.o (symbol from plugin) (get_sur_func_api)
include_lib/liba/br25/lib_sur_cal.a(sur_3D.o)
                              surround.o (symbol from plugin) (sur3D_open)
include_lib/liba/br25/lib_sur_cal.a(lr_drift.o)
                              surround.o (symbol from plugin) (vlr_open)
include_lib/liba/br25/lib_sur_cal.a(sur_reverb.o)
                              surround.o (symbol from plugin) (surReverb_init)
include_lib/liba/br25/lib_vbass_cal.a(tbass.o)
                              audio_vbass.o (symbol from plugin) (get_vbass_func_api)
include_lib/liba/br25/loudness.a(loudness.o)
                              audio_equalloudness.o (symbol from plugin) (getEqualLoudnessBuf)
include_lib/liba/br25/loudness.a(fft_float_data.o)
                              loudness.o (symbol from plugin) (loudness_fCos_Tab)
include_lib/liba/br25/loudness.a(fft.o)
                              loudness.o (symbol from plugin) (loudness_rflfft_init)
C:\JL\pi32\pi32v2-lib\r3\libm.a(lib_a-s_round.o)
                              obj/Release/cpu/br25/audio_dec/audio_dec.o (symbol from plugin) (round)
C:\JL\pi32\pi32v2-lib\r3\libm.a(lib_a-w_exp.o)
                              eq_config_protocol.o (symbol from plugin) (exp)
C:\JL\pi32\pi32v2-lib\r3\libm.a(lib_a-w_log.o)
                              audio_equalloudness.o (symbol from plugin) (log)
C:\JL\pi32\pi32v2-lib\r3\libm.a(lib_a-w_pow.o)
                              obj/Release/cpu/br25/audio_dec/audio_dec.o (symbol from plugin) (pow)
C:\JL\pi32\pi32v2-lib\r3\libm.a(lib_a-e_exp.o)
                              C:\JL\pi32\pi32v2-lib\r3\libm.a(lib_a-w_exp.o) (__ieee754_exp)
C:\JL\pi32\pi32v2-lib\r3\libm.a(lib_a-e_log.o)
                              C:\JL\pi32\pi32v2-lib\r3\libm.a(lib_a-w_log.o) (__ieee754_log)
C:\JL\pi32\pi32v2-lib\r3\libm.a(lib_a-e_pow.o)
                              C:\JL\pi32\pi32v2-lib\r3\libm.a(lib_a-w_pow.o) (__ieee754_pow)
C:\JL\pi32\pi32v2-lib\r3\libm.a(lib_a-e_sqrt.o)
                              C:\JL\pi32\pi32v2-lib\r3\libm.a(lib_a-e_pow.o) (__ieee754_sqrt)
C:\JL\pi32\pi32v2-lib\r3\libm.a(lib_a-s_fabs.o)
                              C:\JL\pi32\pi32v2-lib\r3\libm.a(lib_a-e_pow.o) (fabs)
C:\JL\pi32\pi32v2-lib\r3\libm.a(lib_a-s_nan.o)
                              C:\JL\pi32\pi32v2-lib\r3\libm.a(lib_a-e_pow.o) (nan)
C:\JL\pi32\pi32v2-lib\r3\libm.a(lib_a-s_scalbn.o)
                              C:\JL\pi32\pi32v2-lib\r3\libm.a(lib_a-e_pow.o) (scalbn)
C:\JL\pi32\pi32v2-lib\r3\libm.a(lib_a-s_copysign.o)
                              C:\JL\pi32\pi32v2-lib\r3\libm.a(lib_a-s_scalbn.o) (copysign)
C:\JL\pi32\pi32v2-lib\r3\libc.a(lib_a-ctype_.o)
                              vCard.o (symbol from plugin) (__ctype_ptr__)
C:\JL\pi32\pi32v2-lib\r3\libc.a(lib_a-memcmp.o)
                              obj/Release/apps/common/device/fm/fm_manage.o (symbol from plugin) (memcmp)
C:\JL\pi32\pi32v2-lib\r3\libc.a(lib_a-memcpy.o)
                              bigint.o (symbol from plugin) (memcpy)
C:\JL\pi32\pi32v2-lib\r3\libc.a(lib_a-memmem.o)
                              obj/Release/cpu/br25/chargestore.o (symbol from plugin) (memmem)
C:\JL\pi32\pi32v2-lib\r3\libc.a(lib_a-memset.o)
                              limiter_noiseGate.o (symbol from plugin) (memset)
C:\JL\pi32\pi32v2-lib\r3\libc.a(lib_a-strcat.o)
                              obj/Release/apps/common/audio/encode/encode_write_file.o (symbol from plugin) (strcat)
C:\JL\pi32\pi32v2-lib\r3\libc.a(lib_a-strchr.o)
                              vCard.o (symbol from plugin) (strchr)
C:\JL\pi32\pi32v2-lib\r3\libc.a(lib_a-strcmp.o)
                              obj/Release/apps/common/dev_manager/dev_manager.o (symbol from plugin) (strcmp)
C:\JL\pi32\pi32v2-lib\r3\libc.a(lib_a-strcpy.o)
                              obj/Release/apps/soundbox/smartbox/browser/browser.o (symbol from plugin) (strcpy)
C:\JL\pi32\pi32v2-lib\r3\libc.a(lib_a-strlen.o)
                              obj/Release/apps/common/audio/encode/encode_write_file.o (symbol from plugin) (strlen)
C:\JL\pi32\pi32v2-lib\r3\libc.a(lib_a-strncmp.o)
                              vCard.o (symbol from plugin) (strncmp)
C:\JL\pi32\pi32v2-lib\r3\libc.a(lib_a-strncpy.o)
                              obj/Release/apps/common/dev_manager/dev_manager.o (symbol from plugin) (strncpy)
C:\JL\pi32\pi32v2-lib\r3\libc.a(lib_a-strrchr.o)
                              ff_opr.o (symbol from plugin) (strrchr)
C:\JL\pi32\pi32v2-lib\r3\libc.a(lib_a-strstr.o)
                              obj/Release/apps/common/dev_manager/dev_manager.o (symbol from plugin) (strstr)
C:\JL\pi32\pi32v2-lib\r3\libc.a(lib_a-strtok.o)
                              ff_opr.o (symbol from plugin) (strtok)
C:\JL\pi32\pi32v2-lib\r3\libc.a(lib_a-strtok_r.o)
                              C:\JL\pi32\pi32v2-lib\r3\libc.a(lib_a-strtok.o) (__strtok_r)
C:\JL\pi32\pi32v2-lib\r3\libc.a(lib_a-impure.o)
                              C:\JL\pi32\pi32v2-lib\r3\libc.a(lib_a-strtok.o) (_impure_ptr)
C:\JL\pi32\pi32v2-lib\r3\libcompiler-rt.a(adddf3.o)
              